RAM Allocation
Variable                                                          Address   Size
--------------------------------------------------------------------------------
rmodel                                                            0200h     1439
mixercount                                                        079Fh        1
mixtochan                                                         07A0h        1
mixtochanlast                                                     07A1h        1
mch                                                               07A2h        8
OLD_LCH_LEN                                                       07AAh       32
ppmStop                                                           07CAh        1
keyhold                                                           07CBh        2
UCHmid                                                            07CDh       14
UCHmin                                                            07DBh       14
UCHmax                                                            07E9h       14
ClusterSize                                                       07F7h        1
SOUND_ON                                                          07F8h        1
key_press_time                                                    07F9h        1
key_repress_time                                                  07FAh        1
trim_press_time                                                   07FBh        1
UCH_VALUES                                                        07FCh       28
UCH_VAL_PROC                                                      0818h       14
BLINK                                                             0826h        1
CH_PPM                                                            0827h       16
batt                                                              0837h        2
battMin                                                           0839h        2
messStr1                                                          083Bh        2
messStr2                                                          083Dh        2
messStr3                                                          083Fh        2
messStr4                                                          0841h        2
messStr5                                                          0843h        2
messRetCode                                                       0845h        1
printMess                                                         0846h        1
FMODE_NUM                                                         0847h        2
flyTimerOn                                                        0849h        1
flyCurrTimer                                                      084Ah        2
TimerEndBeepCounter                                               084Ch        1
TimerEnd                                                          084Dh        1
PPM_CUR_CH_NUM                                                    084Eh        1
PPM_PAUSE                                                         084Fh        2
LCH_LEN                                                           0851h       32
CURVE_POINT                                                       0871h      576
ModelChange                                                       0AB1h        1
outx1                                                             0AB2h        2
outx2                                                             0AB4h        2
outx3                                                             0AB6h        2
outy1                                                             0AB8h        2
outy2                                                             0ABAh        2
outy3                                                             0ABCh        2
outkk                                                             0ABEh        2
buff                                                              0AC0h     1024
posxmenu                                                          0EC0h        1
menu_exe                                                          0EC1h        1
menu_proc                                                         0EC2h        2
fmode_source                                                      0EC4h        1
fmode_to                                                          0EC5h        1
temp1                                                             0EC6h        1
temp2                                                             0EC7h        1
temp3                                                             0EC8h        1
temp4                                                             0EC9h        2
system_calibration_part                                           0ECBh        1
temp5                                                             0ECCh        1
flyinfo_mode                                                      0ECDh        1
mess_posx                                                         0ECEh        1
mess_char                                                         0ECFh        1
mess_pause                                                        0ED0h        1
LightOn                                                           0ED1h        2
OnCurrTimer                                                       0ED3h        2
BLINK_TIMER                                                       0ED5h        1
FMODE_OLD                                                         0ED6h        1
ready_key                                                         0ED7h        1
rkey                                                              0ED8h        1
presstime                                                         0ED9h        1
keyhold_t                                                         0EDAh        1
keyhold_wait                                                      0EDBh        1
BEEP                                                              0EDCh        1
trimkey                                                           0EDDh        1
trimhold                                                          0EDEh        1
readytrim                                                         0EDFh        1
impPhase                                                          0EE0h        1
battAvg                                                           0EE1h        4
avgCount                                                          0EE5h        1
_seed                                                             0EE6h        4

EEPROM Allocation
Variable                                                          Address   Size
--------------------------------------------------------------------------------
E_UCHmid                                                          0000h       14
E_UCHmin                                                          000Eh       14
E_UCHmax                                                          001Ch       14
E_CurModelNum                                                     002Ah        1
E_SOUND_ON                                                        002Bh        1
E_key_press_time                                                  002Ch        1
E_key_repress_time                                                002Dh        1
E_trim_press_time                                                 002Eh        1
E_nulTrimBeep                                                     002Fh        1
E_battMin                                                         0030h        2
E_eventStart                                                      0032h        1
E_eventStop                                                       0033h        1
E_beep1min                                                        0034h        1
E_beep2sec                                                        0035h        1
PPM_capture                                                       0036h        1
E_var3                                                            0037h        1
E_var4                                                            0038h        1
E_var11                                                           0039h        1
E_var12                                                           003Ah        1
E_vari2                                                           003Bh        2
E_vari3                                                           003Dh        2
E_vari4                                                           003Fh        2
E_vari5                                                           0041h        2
E_vari6                                                           0043h        2
E_vari7                                                           0045h        2
E_vari8                                                           0047h        2
E_vari9                                                           0049h        2
E_vari10                                                          004Bh        2
notUsed                                                           004Dh        1
E_ClusterSize                                                     004Eh        1
VDISK                                                             004Fh     1952
files                                                             07EFh       16
freesp                                                            07FFh        1

Register Allocation
Variable                                                          Register  Size
--------------------------------------------------------------------------------
LCD_Y                                                             R5           1
LCD_X                                                             R4           1
cluster                                                           R6,R7        2
cl_pos                                                            R8,R9        2
fileNum                                                           R11          1
F_STATUS                                                          R10          1
disp_mode                                                         R13          1
numitem_cur                                                       R12          1
